------------------------------------------------------------
TimeQuest Timing Analyzer Summary
------------------------------------------------------------

Type  : Slow 1200mV 85C Model Setup 'clk'
Slack : -126.447
TNS   : -46594.989

Type  : Slow 1200mV 85C Model Hold 'clk'
Slack : 0.358
TNS   : 0.000

Type  : Slow 1200mV 85C Model Recovery 'clk'
Slack : -1.632
TNS   : -906.054

Type  : Slow 1200mV 85C Model Removal 'clk'
Slack : 1.197
TNS   : 0.000

Type  : Slow 1200mV 85C Model Minimum Pulse Width 'clk'
Slack : -3.000
TNS   : -885.000

Type  : Slow 1200mV 0C Model Setup 'clk'
Slack : -112.643
TNS   : -41510.536

Type  : Slow 1200mV 0C Model Hold 'clk'
Slack : 0.312
TNS   : 0.000

Type  : Slow 1200mV 0C Model Recovery 'clk'
Slack : -1.335
TNS   : -729.854

Type  : Slow 1200mV 0C Model Removal 'clk'
Slack : 1.074
TNS   : 0.000

Type  : Slow 1200mV 0C Model Minimum Pulse Width 'clk'
Slack : -3.000
TNS   : -885.000

Type  : Fast 1200mV 0C Model Setup 'clk'
Slack : -72.269
TNS   : -26369.870

Type  : Fast 1200mV 0C Model Hold 'clk'
Slack : 0.187
TNS   : 0.000

Type  : Fast 1200mV 0C Model Recovery 'clk'
Slack : -0.541
TNS   : -220.604

Type  : Fast 1200mV 0C Model Removal 'clk'
Slack : 0.658
TNS   : 0.000

Type  : Fast 1200mV 0C Model Minimum Pulse Width 'clk'
Slack : -3.000
TNS   : -935.357

------------------------------------------------------------
